2026-01-17 16:07:45,863 [INFO] Activator:176 - 


2026-01-17 16:07:45,864 [INFO] Activator:177 - !SESSION log4j initialized
2026-01-17 16:07:48,607 [INFO] LogOutputStream:77 - [STDOUT_REDIRECT] 
2026-01-17 16:07:50,204 [INFO] ApplicationProperties:184 - Using Application install path: C:\ST\STM32CubeIDE_1.17.0\STM32CubeIDE\plugins\com.st.stm32cube.common.mx_6.13.0.202411220809
2026-01-17 16:07:50,220 [INFO] DbMcusXml:78 - Set database path to: C:\ST\STM32CubeIDE_1.17.0\STM32CubeIDE\plugins\com.st.stm32cube.common.mx_6.13.0.202411220809\\db\/mcu/
2026-01-17 16:07:50,220 [INFO] ApiDb:274 - Set plugin database path to: C:\ST\STM32CubeIDE_1.17.0\STM32CubeIDE\plugins\com.st.stm32cube.common.mx_6.13.0.202411220809\\db\/plugins/boardmanager/
2026-01-17 16:07:50,220 [WARN] ApiDb:259 - Overriding images path with different value:  => C:\ST\STM32CubeIDE_1.17.0\STM32CubeIDE\plugins\com.st.stm32cube.common.mx_6.13.0.202411220809\\db\/plugins/mcufinder/images/
2026-01-17 16:07:50,238 [INFO] ApiDb:250 - Set database path to: C:\Users\Amogh MP\.stmcufinder\plugins\mcufinder//mcu/
2026-01-17 16:07:50,240 [INFO] DbMcusAds:125 - Set database path to: C:\Users\Amogh MP\.stmcufinder\plugins\mcufinder//mcu/
2026-01-17 16:07:50,242 [INFO] CrossReferenceDbSqlite:203 - Set database path to: C:\Users\Amogh MP\.stmcufinder\plugins\mcufinder//mcu/cs/
2026-01-17 16:07:50,356 [INFO] RulesReader:64 - Compatibility file has been processed (297 Rules)
2026-01-17 16:07:50,453 [INFO] DbMcusXml:78 - Set database path to: C:\ST\STM32CubeIDE_1.17.0\STM32CubeIDE\plugins\com.st.stm32cube.common.mx_6.13.0.202411220809\\db\/mcu/
2026-01-17 16:07:50,453 [INFO] ApiDb:274 - Set plugin database path to: C:\ST\STM32CubeIDE_1.17.0\STM32CubeIDE\plugins\com.st.stm32cube.common.mx_6.13.0.202411220809\\db\/plugins/boardmanager/
2026-01-17 16:07:50,453 [INFO] ApiDb:261 - Set plugin images path to: C:\ST\STM32CubeIDE_1.17.0\STM32CubeIDE\plugins\com.st.stm32cube.common.mx_6.13.0.202411220809\\db\/plugins/mcufinder/images/
2026-01-17 16:07:50,453 [WARN] DbFile:41 - Overriding database path with different value: C:\Users\Amogh MP\.stmcufinder\plugins\mcufinder/ => C:\Users\Amogh MP\.stmcufinder\plugins\mcufinder
2026-01-17 16:07:50,454 [INFO] ApiDb:250 - Set database path to: C:\Users\Amogh MP\.stmcufinder\plugins\mcufinder//mcu/
2026-01-17 16:07:50,454 [WARN] DbFile:41 - Overriding database path with different value: C:\Users\Amogh MP\.stmcufinder\plugins\mcufinder/ => C:\Users\Amogh MP\.stmcufinder\plugins\mcufinder
2026-01-17 16:07:50,454 [INFO] DbMcusAds:125 - Set database path to: C:\Users\Amogh MP\.stmcufinder\plugins\mcufinder//mcu/
2026-01-17 16:07:50,454 [WARN] DbFile:41 - Overriding database path with different value: C:\Users\Amogh MP\.stmcufinder\plugins\mcufinder/ => C:\Users\Amogh MP\.stmcufinder\plugins\mcufinder
2026-01-17 16:07:50,454 [WARN] DbFile:41 - Overriding database path with different value: C:\Users\Amogh MP\.stmcufinder\plugins\mcufinder/ => C:\Users\Amogh MP\.stmcufinder\plugins\mcufinder
2026-01-17 16:07:50,454 [INFO] CrossReferenceDbSqlite:203 - Set database path to: C:\Users\Amogh MP\.stmcufinder\plugins\mcufinder//mcu/cs/
2026-01-17 16:07:50,518 [INFO] MainPanel:272 - HeapMemory: 268435456
2026-01-17 16:07:50,618 [INFO] DbMcusXml:78 - Set database path to: C:\ST\STM32CubeIDE_1.17.0\STM32CubeIDE\plugins\com.st.stm32cube.common.mx_6.13.0.202411220809\\db\/mcu/
2026-01-17 16:07:50,619 [INFO] ApiDb:274 - Set plugin database path to: C:\ST\STM32CubeIDE_1.17.0\STM32CubeIDE\plugins\com.st.stm32cube.common.mx_6.13.0.202411220809\\db\/plugins/boardmanager/
2026-01-17 16:07:50,619 [INFO] ApiDb:261 - Set plugin images path to: C:\ST\STM32CubeIDE_1.17.0\STM32CubeIDE\plugins\com.st.stm32cube.common.mx_6.13.0.202411220809\\db\/plugins/mcufinder/images/
2026-01-17 16:07:50,619 [WARN] DbFile:41 - Overriding database path with different value: C:\Users\Amogh MP\.stmcufinder\plugins\mcufinder/ => C:\Users\Amogh MP\.stmcufinder\plugins\mcufinder
2026-01-17 16:07:50,619 [INFO] ApiDb:250 - Set database path to: C:\Users\Amogh MP\.stmcufinder\plugins\mcufinder//mcu/
2026-01-17 16:07:50,619 [WARN] DbFile:41 - Overriding database path with different value: C:\Users\Amogh MP\.stmcufinder\plugins\mcufinder/ => C:\Users\Amogh MP\.stmcufinder\plugins\mcufinder
2026-01-17 16:07:50,619 [INFO] DbMcusAds:125 - Set database path to: C:\Users\Amogh MP\.stmcufinder\plugins\mcufinder//mcu/
2026-01-17 16:07:50,619 [WARN] DbFile:41 - Overriding database path with different value: C:\Users\Amogh MP\.stmcufinder\plugins\mcufinder/ => C:\Users\Amogh MP\.stmcufinder\plugins\mcufinder
2026-01-17 16:07:50,619 [WARN] DbFile:41 - Overriding database path with different value: C:\Users\Amogh MP\.stmcufinder\plugins\mcufinder/ => C:\Users\Amogh MP\.stmcufinder\plugins\mcufinder
2026-01-17 16:07:50,619 [INFO] CrossReferenceDbSqlite:203 - Set database path to: C:\Users\Amogh MP\.stmcufinder\plugins\mcufinder//mcu/cs/
2026-01-17 16:07:50,634 [INFO] ApplicationProperties:184 - Using Application install path: C:\ST\STM32CubeIDE_1.17.0\STM32CubeIDE\plugins\com.st.stm32cube.common.mx_6.13.0.202411220809
2026-01-17 16:07:50,635 [INFO] PluginManage:196 - Search for loadable plugins [exclusion list=, ]
2026-01-17 16:07:50,637 [INFO] PluginManage:310 - Check plugin analytics
2026-01-17 16:07:51,015 [INFO] AnalyticsPlugin:253 - Accepted Software Licenses: STM32CubeMX.6.13.0
2026-01-17 16:07:51,016 [INFO] AnalyticsPlugin:255 - Accepted CMSIS Pack Licenses: 
2026-01-17 16:07:51,016 [INFO] AnalyticsPlugin:257 - Accepted Firmware Licenses: FW.F4.1.28.0,FW.H7.1.12.0,FW.WL.1.3.0
2026-01-17 16:07:51,019 [INFO] PluginManage:359 - Loaded plugin analytics (category:tool,tabindex:-1)
2026-01-17 16:07:51,020 [INFO] PluginManage:310 - Check plugin cadmodel
2026-01-17 16:07:51,037 [INFO] CADModel:105 - Init CAD model plugin
2026-01-17 16:07:51,037 [INFO] PluginManage:359 - Loaded plugin cadmodel (category:power,tabindex:5)
2026-01-17 16:07:51,037 [INFO] PluginManage:310 - Check plugin clock
2026-01-17 16:07:51,055 [INFO] PluginManage:359 - Loaded plugin clock (category:base,tabindex:2)
2026-01-17 16:07:51,055 [INFO] PluginManage:310 - Check plugin ddr
2026-01-17 16:07:51,057 [INFO] PluginManage:359 - Loaded plugin ddr (category:tool,tabindex:6)
2026-01-17 16:07:51,057 [INFO] PluginManage:310 - Check plugin filemanager
2026-01-17 16:07:51,291 [INFO] PluginManage:359 - Loaded plugin filemanager (category:base,tabindex:10)
2026-01-17 16:07:51,292 [INFO] PluginManage:310 - Check plugin ipmanager
2026-01-17 16:07:51,299 [INFO] PluginManage:359 - Loaded plugin ipmanager (category:base,tabindex:5)
2026-01-17 16:07:51,299 [INFO] PluginManage:310 - Check plugin lpbam
2026-01-17 16:07:51,313 [INFO] PluginManage:359 - Loaded plugin lpbam (category:base,tabindex:0)
2026-01-17 16:07:51,313 [INFO] PluginManage:310 - Check plugin memorymap
2026-01-17 16:07:51,329 [INFO] PluginManage:359 - Loaded plugin memorymap (category:base,tabindex:4)
2026-01-17 16:07:51,329 [INFO] PluginManage:310 - Check plugin pinoutandconfiguration
2026-01-17 16:07:51,342 [INFO] PluginManage:359 - Loaded plugin pinoutandconfiguration (category:base,tabindex:1)
2026-01-17 16:07:51,342 [INFO] PluginManage:310 - Check plugin pinoutconfig
2026-01-17 16:07:51,445 [WARN] SupportedApi:132 - Cannot load RTOS API schema: s4s-elt-must-match.1: The content of 'definitions' must match (annotation?, (simpleType | complexType)?, (unique | key | keyref)*)). A problem was found starting at: attribute.
2026-01-17 16:07:51,640 [INFO] PluginManage:359 - Loaded plugin pinoutconfig (category:base,tabindex:0)
2026-01-17 16:07:51,641 [INFO] PluginManage:310 - Check plugin power
2026-01-17 16:07:51,656 [INFO] PluginManage:359 - Loaded plugin power (category:power,tabindex:4)
2026-01-17 16:07:51,657 [INFO] PluginManage:310 - Check plugin projectmanager
2026-01-17 16:07:51,672 [INFO] PluginManage:359 - Loaded plugin projectmanager (category:projectmanager,tabindex:4)
2026-01-17 16:07:51,672 [INFO] PluginManage:310 - Check plugin rif
2026-01-17 16:07:51,687 [INFO] PluginManage:359 - Loaded plugin rif (category:base,tabindex:3)
2026-01-17 16:07:51,688 [INFO] PluginManage:310 - Check plugin thirdparty
2026-01-17 16:07:51,957 [WARN] IntegrityCheckThread:84 - waiting for thirdparty lock release [integrity check]
2026-01-17 16:07:51,957 [INFO] PluginManage:359 - Loaded plugin thirdparty (category:base,tabindex:-1)
2026-01-17 16:07:51,957 [INFO] IntegrityCheckThread:86 - entering critical section [integrity check]
2026-01-17 16:07:51,957 [INFO] PluginManage:310 - Check plugin tools
2026-01-17 16:07:51,957 [INFO] ThirdPartyUpdaterWithRetryManager:70 - Updater plugin not ready yet. [1/15]
2026-01-17 16:07:51,987 [INFO] PluginManage:359 - Loaded plugin tools (category:base,tabindex:7)
2026-01-17 16:07:51,987 [INFO] PluginManage:310 - Check plugin tutovideos
2026-01-17 16:07:52,132 [INFO] PluginManage:359 - Loaded plugin tutovideos (category:base,tabindex:-1)
2026-01-17 16:07:52,132 [INFO] PluginManage:310 - Check plugin updater
2026-01-17 16:07:52,157 [INFO] PluginManage:359 - Loaded plugin updater (category:base,tabindex:12)
2026-01-17 16:07:52,158 [INFO] PluginManage:310 - Check plugin userauth
2026-01-17 16:07:52,163 [INFO] UserAuth:118 - Init User Auth plugin
2026-01-17 16:07:52,165 [INFO] PluginManage:359 - Loaded plugin userauth (category:base,tabindex:14)
2026-01-17 16:07:52,165 [INFO] PluginManage:283 - PluginManage : Loaded plugins [18]
2026-01-17 16:07:52,363 [INFO] PinOutPanel:1589 - setPackage(No Configuration,No Configuration)
2026-01-17 16:07:52,456 [INFO] CADModel:165 - CPN selected for project level
2026-01-17 16:07:52,456 [INFO] CADModel:114 - Register for checkConnection events
2026-01-17 16:07:52,490 [INFO] IPUIPlugin:80 - create IPUIPlugin
2026-01-17 16:07:52,490 [INFO] PluginManager:220 - loadIPPluginJar : add adc
2026-01-17 16:07:52,522 [INFO] IPUIPlugin:80 - create IPUIPlugin
2026-01-17 16:07:52,522 [INFO] PluginManager:220 - loadIPPluginJar : add aes
2026-01-17 16:07:52,560 [INFO] IPUIPlugin:80 - create IPUIPlugin
2026-01-17 16:07:52,560 [INFO] PluginManager:220 - loadIPPluginJar : add can
2026-01-17 16:07:52,583 [INFO] IPUIPlugin:80 - create IPUIPlugin
2026-01-17 16:07:52,583 [INFO] PluginManager:220 - loadIPPluginJar : add comp
2026-01-17 16:07:52,608 [INFO] IPUIPlugin:80 - create IPUIPlugin
2026-01-17 16:07:52,608 [INFO] PluginManager:220 - loadIPPluginJar : add cryp
2026-01-17 16:07:52,618 [INFO] IPUIPlugin:80 - create IPUIPlugin
2026-01-17 16:07:52,618 [INFO] PluginManager:220 - loadIPPluginJar : add ddr_ctrl_phy
2026-01-17 16:07:52,642 [INFO] IPUIPlugin:80 - create IPUIPlugin
2026-01-17 16:07:52,642 [INFO] PluginManager:220 - loadIPPluginJar : add dfsdm
2026-01-17 16:07:52,652 [INFO] IPUIPlugin:80 - create IPUIPlugin
2026-01-17 16:07:52,652 [INFO] PluginManager:220 - loadIPPluginJar : add dma
2026-01-17 16:07:52,682 [INFO] IPUIPlugin:80 - create IPUIPlugin
2026-01-17 16:07:52,682 [INFO] PluginManager:220 - loadIPPluginJar : add dma3
2026-01-17 16:07:52,716 [INFO] IPUIPlugin:80 - create IPUIPlugin
2026-01-17 16:07:52,716 [INFO] PluginManager:220 - loadIPPluginJar : add extmemmanager
2026-01-17 16:07:52,735 [INFO] IPUIPlugin:80 - create IPUIPlugin
2026-01-17 16:07:52,735 [INFO] PluginManager:220 - loadIPPluginJar : add fatfs
2026-01-17 16:07:52,774 [INFO] IPUIPlugin:80 - create IPUIPlugin
2026-01-17 16:07:52,774 [INFO] PluginManager:220 - loadIPPluginJar : add fmc
2026-01-17 16:07:52,788 [INFO] IPUIPlugin:80 - create IPUIPlugin
2026-01-17 16:07:52,788 [INFO] PluginManager:220 - loadIPPluginJar : add freertos
2026-01-17 16:07:52,806 [INFO] IPUIPlugin:80 - create IPUIPlugin
2026-01-17 16:07:52,806 [INFO] PluginManager:220 - loadIPPluginJar : add genericplugin
2026-01-17 16:07:52,875 [INFO] IPUIPlugin:80 - create IPUIPlugin
2026-01-17 16:07:52,875 [INFO] PluginManager:220 - loadIPPluginJar : add gfxmmu
2026-01-17 16:07:52,972 [INFO] IPUIPlugin:80 - create IPUIPlugin
2026-01-17 16:07:52,972 [INFO] PluginManager:220 - loadIPPluginJar : add gic
2026-01-17 16:07:52,982 [INFO] IPUIPlugin:80 - create IPUIPlugin
2026-01-17 16:07:52,982 [INFO] PluginManager:220 - loadIPPluginJar : add gpio
2026-01-17 16:07:53,046 [INFO] IPUIPlugin:80 - create IPUIPlugin
2026-01-17 16:07:53,046 [INFO] PluginManager:220 - loadIPPluginJar : add gtzc
2026-01-17 16:07:53,080 [INFO] IPUIPlugin:80 - create IPUIPlugin
2026-01-17 16:07:53,080 [INFO] PluginManager:220 - loadIPPluginJar : add hash
2026-01-17 16:07:53,119 [INFO] IPUIPlugin:80 - create IPUIPlugin
2026-01-17 16:07:53,120 [INFO] PluginManager:220 - loadIPPluginJar : add i2c
2026-01-17 16:07:53,148 [INFO] IPUIPlugin:80 - create IPUIPlugin
2026-01-17 16:07:53,148 [INFO] PluginManager:220 - loadIPPluginJar : add i2s
2026-01-17 16:07:53,179 [INFO] IPUIPlugin:80 - create IPUIPlugin
2026-01-17 16:07:53,179 [INFO] PluginManager:220 - loadIPPluginJar : add i3c
2026-01-17 16:07:53,255 [INFO] IPUIPlugin:80 - create IPUIPlugin
2026-01-17 16:07:53,255 [INFO] PluginManager:220 - loadIPPluginJar : add ipddr
2026-01-17 16:07:53,321 [INFO] IPUIPlugin:80 - create IPUIPlugin
2026-01-17 16:07:53,321 [INFO] PluginManager:220 - loadIPPluginJar : add linkedlist
2026-01-17 16:07:53,349 [INFO] IPUIPlugin:80 - create IPUIPlugin
2026-01-17 16:07:53,349 [INFO] PluginManager:220 - loadIPPluginJar : add lorawan
2026-01-17 16:07:53,375 [INFO] IPUIPlugin:80 - create IPUIPlugin
2026-01-17 16:07:53,375 [INFO] PluginManager:220 - loadIPPluginJar : add ltdc
2026-01-17 16:07:53,385 [INFO] IPUIPlugin:80 - create IPUIPlugin
2026-01-17 16:07:53,386 [INFO] PluginManager:220 - loadIPPluginJar : add mdma
2026-01-17 16:07:53,396 [INFO] IPUIPlugin:80 - create IPUIPlugin
2026-01-17 16:07:53,397 [INFO] PluginManager:220 - loadIPPluginJar : add nvic
2026-01-17 16:07:53,433 [INFO] IPUIPlugin:80 - create IPUIPlugin
2026-01-17 16:07:53,434 [INFO] PluginManager:220 - loadIPPluginJar : add opamp
2026-01-17 16:07:53,491 [INFO] IPUIPlugin:80 - create IPUIPlugin
2026-01-17 16:07:53,492 [INFO] PluginManager:220 - loadIPPluginJar : add openamp
2026-01-17 16:07:53,528 [INFO] IPUIPlugin:80 - create IPUIPlugin
2026-01-17 16:07:53,528 [INFO] PluginManager:220 - loadIPPluginJar : add pdm2pcm
2026-01-17 16:07:53,540 [INFO] IPUIPlugin:80 - create IPUIPlugin
2026-01-17 16:07:53,542 [INFO] PluginManager:220 - loadIPPluginJar : add plateformsettings
2026-01-17 16:07:53,579 [INFO] IPUIPlugin:80 - create IPUIPlugin
2026-01-17 16:07:53,579 [INFO] PluginManager:220 - loadIPPluginJar : add quadspi
2026-01-17 16:07:53,606 [INFO] IPUIPlugin:80 - create IPUIPlugin
2026-01-17 16:07:53,610 [INFO] PluginManager:220 - loadIPPluginJar : add radio
2026-01-17 16:07:53,637 [INFO] IPUIPlugin:80 - create IPUIPlugin
2026-01-17 16:07:53,637 [INFO] PluginManager:220 - loadIPPluginJar : add resmgrutility
2026-01-17 16:07:53,688 [INFO] IPUIPlugin:80 - create IPUIPlugin
2026-01-17 16:07:53,688 [INFO] PluginManager:220 - loadIPPluginJar : add sai
2026-01-17 16:07:53,724 [INFO] IPUIPlugin:80 - create IPUIPlugin
2026-01-17 16:07:53,724 [INFO] PluginManager:220 - loadIPPluginJar : add spi
2026-01-17 16:07:53,780 [INFO] IPUIPlugin:80 - create IPUIPlugin
2026-01-17 16:07:53,780 [INFO] PluginManager:220 - loadIPPluginJar : add stm32_wpan
2026-01-17 16:07:53,804 [INFO] IPUIPlugin:80 - create IPUIPlugin
2026-01-17 16:07:53,804 [INFO] PluginManager:220 - loadIPPluginJar : add tim
2026-01-17 16:07:53,853 [INFO] IPUIPlugin:80 - create IPUIPlugin
2026-01-17 16:07:53,853 [INFO] PluginManager:220 - loadIPPluginJar : add touchsensing
2026-01-17 16:07:53,875 [INFO] IPUIPlugin:80 - create IPUIPlugin
2026-01-17 16:07:53,875 [INFO] PluginManager:220 - loadIPPluginJar : add tracer_emb
2026-01-17 16:07:53,895 [INFO] IPUIPlugin:80 - create IPUIPlugin
2026-01-17 16:07:53,895 [INFO] PluginManager:220 - loadIPPluginJar : add ts
2026-01-17 16:07:53,915 [INFO] IPUIPlugin:80 - create IPUIPlugin
2026-01-17 16:07:53,915 [INFO] PluginManager:220 - loadIPPluginJar : add tsc
2026-01-17 16:07:53,932 [INFO] IPUIPlugin:80 - create IPUIPlugin
2026-01-17 16:07:53,932 [INFO] PluginManager:220 - loadIPPluginJar : add ucpd
2026-01-17 16:07:53,967 [INFO] IPUIPlugin:80 - create IPUIPlugin
2026-01-17 16:07:53,967 [INFO] PluginManager:220 - loadIPPluginJar : add usart
2026-01-17 16:07:53,999 [INFO] IPUIPlugin:80 - create IPUIPlugin
2026-01-17 16:07:53,999 [INFO] PluginManager:220 - loadIPPluginJar : add usbx
2026-01-17 16:07:54,114 [FATAL] Updater:351 - Updater called before beeing initialized
2026-01-17 16:07:54,139 [INFO] RulesReader:64 - Compatibility file has been processed (297 Rules)
2026-01-17 16:07:54,147 [INFO] RulesReader:64 - Compatibility file has been processed (297 Rules)
2026-01-17 16:07:54,181 [INFO] CADModel:165 - CPN selected for project level
2026-01-17 16:07:54,182 [INFO] CADModel:114 - Register for checkConnection events
2026-01-17 16:07:54,182 [FATAL] Updater:351 - Updater called before beeing initialized
2026-01-17 16:07:54,182 [ERROR] CADModel:125 - Updater not yet initialized, retry later 
2026-01-17 16:07:54,501 [FATAL] Updater:351 - Updater called before beeing initialized
2026-01-17 16:07:54,505 [INFO] CADModel:165 - CPN selected for project level
2026-01-17 16:07:54,505 [INFO] CADModel:114 - Register for checkConnection events
2026-01-17 16:07:54,505 [FATAL] Updater:351 - Updater called before beeing initialized
2026-01-17 16:07:54,505 [ERROR] CADModel:125 - Updater not yet initialized, retry later 
2026-01-17 16:07:54,510 [FATAL] Updater:351 - Updater called before beeing initialized
2026-01-17 16:07:54,619 [FATAL] Updater:351 - Updater called before beeing initialized
2026-01-17 16:07:54,637 [INFO] DbMcusAds:53 - JSON generation date=Tue Dec 16 04:41:46 IST 2025 (1765840306612)
2026-01-17 16:07:54,637 [FATAL] Updater:351 - Updater called before beeing initialized
2026-01-17 16:07:54,666 [WARN] DetailPanel:346 - Failed to get advertising image, set to default
2026-01-17 16:07:54,792 [FATAL] Updater:351 - Updater called before beeing initialized
2026-01-17 16:07:54,793 [FATAL] Updater:351 - Updater called before beeing initialized
2026-01-17 16:07:54,794 [FATAL] Updater:351 - Updater called before beeing initialized
2026-01-17 16:07:54,794 [WARN] DetailPanel:346 - Failed to get advertising image, set to default
2026-01-17 16:07:54,795 [FATAL] Updater:351 - Updater called before beeing initialized
2026-01-17 16:07:54,862 [ERROR] Updater:1198 - MainUpdater not yet initialized. External WinMGr cannot be set.
2026-01-17 16:07:54,871 [INFO] Updater:1134 - Updater Version found : 6.13.0
2026-01-17 16:07:54,886 [INFO] ApplicationProperties:184 - Using Application install path: C:\ST\STM32CubeIDE_1.17.0\STM32CubeIDE\plugins\com.st.stm32cube.common.mx_6.13.0.202411220809
2026-01-17 16:07:54,968 [INFO] ThirdPartyUpdaterWithRetryManager:70 - Updater plugin not ready yet. [2/15]
2026-01-17 16:07:56,540 [ERROR] LogOutputStream:75 - [STDERR_REDIRECT] Jan 17, 2026 4:07:56 PM java.util.prefs.WindowsPreferences <init>
2026-01-17 16:07:56,541 [ERROR] LogOutputStream:75 - [STDERR_REDIRECT] WARNING: Could not open/create prefs root node Software\JavaSoft\Prefs at root 0xffffffff80000002. Windows RegCreateKeyEx(...) returned error code 5.
2026-01-17 16:07:56,541 [ERROR] LogOutputStream:75 - [STDERR_REDIRECT] 
2026-01-17 16:07:56,930 [INFO] MainUpdater:2872 - connection check result : 10
2026-01-17 16:07:56,930 [INFO] MainUpdater:289 - Updater Check For Update Now.
2026-01-17 16:07:56,930 [INFO] MicroXplorer:498 - Change Database Version : DB.6.0.130
2026-01-17 16:07:56,953 [INFO] McuFinderGlobals:63 - Set McuFinder mode to 2 (CubeIDE integrated)
2026-01-17 16:07:56,959 [INFO] UserAuth:486 - Internet connection configuration mode: 1
2026-01-17 16:07:57,032 [INFO] JxBrowserEngine:152 - Initiate JxBrowser Engine with user profile folder
2026-01-17 16:07:57,143 [INFO] CheckServerUpdateThread:120 - End of CheckServer Thread
2026-01-17 16:07:58,379 [WARN] PackLoader:240 - Cannot read IP mode file for STMicroelectronics.FP-SNS-MOTENVWB1.1.4.0
2026-01-17 16:07:58,401 [WARN] PackLoader:240 - Cannot read IP mode file for STMicroelectronics.FP-ATR-ASTRA1.2.0.2
2026-01-17 16:07:58,413 [WARN] PackLoader:240 - Cannot read IP mode file for STMicroelectronics.FP-ATR-ASTRA1.2.0.1
2026-01-17 16:07:58,430 [WARN] PackLoader:240 - Cannot read IP mode file for STMicroelectronics.X-CUBE-SMBUS.2.1.0
2026-01-17 16:07:58,445 [WARN] PackLoader:240 - Cannot read IP mode file for STMicroelectronics.X-CUBE-WB05N.1.1.0
2026-01-17 16:07:58,457 [WARN] PackLoader:240 - Cannot read IP mode file for STMicroelectronics.X-CUBE-ST60.1.0.0
2026-01-17 16:07:58,496 [WARN] PackLoader:240 - Cannot read IP mode file for STMicroelectronics.X-CUBE-AZRTOS-F7.1.1.0
2026-01-17 16:07:58,510 [ERROR] Engine:466 - C:\Users\Amogh MP\.stm32cubemx\thirdparties\pdsc\STMicroelectronics.FP-SNS-MOTENV1.5.1.0.pdsc: PDSC version is not supported
2026-01-17 16:07:58,522 [WARN] PackLoader:240 - Cannot read IP mode file for STMicroelectronics.FP-SNS-FLIGHT1.5.0.2
2026-01-17 16:07:58,550 [WARN] PackLoader:240 - Cannot read IP mode file for Infineon.AIROC-Wi-Fi-Bluetooth-STM32.1.7.0
2026-01-17 16:07:58,580 [WARN] PackLoader:240 - Cannot read IP mode file for STMicroelectronics.X-CUBE-AZRTOS-H7.3.4.0
2026-01-17 16:07:58,596 [WARN] PackLoader:240 - Cannot read IP mode file for STMicroelectronics.X-CUBE-DISPLAY.3.0.0
2026-01-17 16:07:58,611 [WARN] PackLoader:240 - Cannot read IP mode file for STMicroelectronics.X-CUBE-BLE1.7.0.0
2026-01-17 16:07:58,611 [INFO] WebApp:168 - Instantiating new browser for Auth
2026-01-17 16:07:58,624 [WARN] PackLoader:240 - Cannot read IP mode file for STMicroelectronics.X-CUBE-NFC10.1.0.0
2026-01-17 16:07:58,650 [WARN] PackLoader:240 - Cannot read IP mode file for STMicroelectronics.X-CUBE-BLEMGR.4.0.0
2026-01-17 16:07:58,667 [WARN] PackLoader:240 - Cannot read IP mode file for STMicroelectronics.X-CUBE-ST60.1.1.0
2026-01-17 16:07:58,681 [WARN] PackLoader:240 - Cannot read IP mode file for emotas.I-CUBE-CANOPEN.1.3.0
2026-01-17 16:07:58,693 [WARN] PackLoader:240 - Cannot read IP mode file for STMicroelectronics.X-CUBE-GNSS1.7.1.0
2026-01-17 16:07:58,709 [WARN] PackLoader:240 - Cannot read IP mode file for STMicroelectronics.X-CUBE-AI.10.0.0
2026-01-17 16:07:58,720 [ERROR] Engine:466 - C:\Users\Amogh MP\.stm32cubemx\thirdparties\pdsc\STMicroelectronics.FP-SNS-STBOX1.2.1.0.pdsc: PDSC version is not supported
2026-01-17 16:07:58,734 [WARN] PackLoader:240 - Cannot read IP mode file for STMicroelectronics.FP-SNS-SMARTAG2.1.2.0
2026-01-17 16:07:58,746 [WARN] PackLoader:240 - Cannot read IP mode file for STMicroelectronics.FP-SNS-FLIGHT1.5.1.0
2026-01-17 16:07:58,786 [WARN] PackLoader:240 - Cannot read IP mode file for STMicroelectronics.X-CUBE-MEMS1.11.1.0
2026-01-17 16:07:58,900 [INFO] LogOutputStream:77 - [STDOUT_REDIRECT] 1 : Invalid condition id : UX_CORESTACK_Condition cause : null
2026-01-17 16:07:58,902 [INFO] LogOutputStream:77 - [STDOUT_REDIRECT] 1 : Invalid condition id : UX_CORESTACK_Condition cause : null
2026-01-17 16:07:58,903 [INFO] LogOutputStream:77 - [STDOUT_REDIRECT] 1 : Invalid condition id : UX_CORESTACK_Condition cause : null
2026-01-17 16:07:58,905 [INFO] LogOutputStream:77 - [STDOUT_REDIRECT] 1 : Invalid condition id : UX_CORESTACK_Condition cause : null
2026-01-17 16:07:58,906 [INFO] LogOutputStream:77 - [STDOUT_REDIRECT] 1 : Invalid condition id : UX_CORESTACK_Condition cause : null
2026-01-17 16:07:58,907 [WARN] PackLoader:240 - Cannot read IP mode file for STMicroelectronics.X-CUBE-AZRTOS-WL.2.0.0
2026-01-17 16:07:58,921 [WARN] PackLoader:240 - Cannot read IP mode file for STMicroelectronics.FP-SNS-MOTENV1.5.0.0
2026-01-17 16:07:58,945 [WARN] PackLoader:240 - Cannot read IP mode file for STMicroelectronics.X-CUBE-AZRTOS-H7RS.1.2.0
2026-01-17 16:07:58,960 [WARN] PackLoader:240 - Cannot read IP mode file for wolfSSL.I-CUBE-wolfMQTT.1.19.0
2026-01-17 16:07:58,976 [WARN] PackLoader:240 - Cannot read IP mode file for WES.I-CUBE-Cesium.1.3.0
2026-01-17 16:07:58,990 [WARN] PackLoader:240 - Cannot read IP mode file for STMicroelectronics.X-CUBE-BLE2.3.3.0
2026-01-17 16:07:59,034 [WARN] PackLoader:240 - Cannot read IP mode file for STMicroelectronics.X-CUBE-NFC9.1.0.0
2026-01-17 16:07:59,047 [WARN] PackLoader:240 - Cannot read IP mode file for STMicroelectronics.X-CUBE-BLE1.7.1.0
2026-01-17 16:07:59,058 [ERROR] Engine:466 - C:\Users\Amogh MP\.stm32cubemx\thirdparties\pdsc\STMicroelectronics.X-CUBE-FREERTOS.1.4.0.pdsc: PDSC version is not supported
2026-01-17 16:07:59,071 [WARN] PackLoader:240 - Cannot read IP mode file for STMicroelectronics.X-CUBE-EEPRMA1.5.2.0
2026-01-17 16:07:59,086 [ERROR] Engine:466 - C:\Users\Amogh MP\.stm32cubemx\thirdparties\pdsc\STMicroelectronics.X-CUBE-ST67W61.1.1.0.pdsc: PDSC version is not supported
2026-01-17 16:07:59,097 [WARN] PackLoader:240 - Cannot read IP mode file for STMicroelectronics.X-CUBE-AI.10.1.0
2026-01-17 16:07:59,128 [WARN] PackLoader:240 - Cannot read IP mode file for STMicroelectronics.X-CUBE-MEMS1.12.0.0
2026-01-17 16:07:59,235 [WARN] PackLoader:240 - Cannot read IP mode file for STMicroelectronics.X-CUBE-MEMS1.11.2.0
2026-01-17 16:07:59,307 [WARN] PackLoader:240 - Cannot read IP mode file for STMicroelectronics.X-CUBE-AZRTOS-G0.1.1.0
2026-01-17 16:07:59,319 [WARN] PackLoader:240 - Cannot read IP mode file for STMicroelectronics.X-CUBE-SAFEA1.1.2.2
2026-01-17 16:07:59,331 [WARN] PackLoader:240 - Cannot read IP mode file for STMicroelectronics.X-CUBE-NFC4.3.0.0
2026-01-17 16:07:59,345 [WARN] PackLoader:240 - Cannot read IP mode file for EmbeddedOffice.I-CUBE-FS-RTOS.1.0.1
2026-01-17 16:07:59,358 [WARN] PackLoader:240 - Cannot read IP mode file for STMicroelectronics.X-CUBE-WB05N.2.0.0
2026-01-17 16:07:59,370 [WARN] PackLoader:240 - Cannot read IP mode file for STMicroelectronics.X-CUBE-TCPP.4.2.0
2026-01-17 16:07:59,382 [WARN] PackLoader:240 - Cannot read IP mode file for RealThread.X-CUBE-RT-Thread_Nano.4.1.1
2026-01-17 16:07:59,394 [WARN] PackLoader:240 - Cannot read IP mode file for STMicroelectronics.FP-ATR-SIGFOX1.3.2.0
2026-01-17 16:07:59,406 [WARN] ConditionMgr:438 - getConditionDescription Invalid condition id : Cortex-A Device cause : null
2026-01-17 16:07:59,421 [WARN] ConditionMgr:1044 - genDependencies : Invalid condition id : Cortex-A Device cause : null
2026-01-17 16:07:59,423 [WARN] ConditionMgr:1044 - genDependencies : Invalid condition id : Cortex-A Device cause : null
2026-01-17 16:07:59,423 [WARN] ConditionMgr:1044 - genDependencies : Invalid condition id : Cortex-A Device cause : null
2026-01-17 16:07:59,436 [WARN] PackLoader:240 - Cannot read IP mode file for STMicroelectronics.X-CUBE-EEPRMA1.5.1.0
2026-01-17 16:07:59,448 [WARN] PackLoader:240 - Cannot read IP mode file for wolfSSL.I-CUBE-wolfSSL.5.7.4
2026-01-17 16:07:59,462 [WARN] PackLoader:240 - Cannot read IP mode file for ITTIA_DB.I-CUBE-ITTIADB.8.9.0
2026-01-17 16:07:59,479 [WARN] PackLoader:240 - Cannot read IP mode file for STMicroelectronics.X-CUBE-ST67W61.1.0.0
2026-01-17 16:07:59,491 [WARN] PackLoader:240 - Cannot read IP mode file for STMicroelectronics.X-CUBE-AI.10.2.0
2026-01-17 16:07:59,513 [WARN] PackLoader:240 - Cannot read IP mode file for SEGGER.I-CUBE-embOS.1.3.1
2026-01-17 16:07:59,538 [WARN] PackLoader:240 - Cannot read IP mode file for STMicroelectronics.X-CUBE-ALGOBUILD.1.4.0
2026-01-17 16:07:59,583 [WARN] PackLoader:240 - Cannot read IP mode file for STMicroelectronics.X-CUBE-MEMS1.11.3.0
2026-01-17 16:07:59,648 [WARN] PackLoader:240 - Cannot read IP mode file for STMicroelectronics.X-CUBE-AI.9.1.0
2026-01-17 16:07:59,659 [WARN] PackLoader:240 - Cannot read IP mode file for STMicroelectronics.X-CUBE-PM33A1.1.0.0
2026-01-17 16:07:59,676 [WARN] PackLoader:240 - Cannot read IP mode file for STMicroelectronics.X-CUBE-AZRTOS-F4.1.1.0
2026-01-17 16:07:59,689 [WARN] PackLoader:240 - Cannot read IP mode file for Avnet-IotConnect.X-CUBE-IoTC-DA16k-PMOD.1.0.0
2026-01-17 16:07:59,700 [WARN] PackLoader:240 - Cannot read IP mode file for STMicroelectronics.X-CUBE-ISPU.2.1.0
2026-01-17 16:07:59,715 [ERROR] Engine:466 - C:\Users\Amogh MP\.stm32cubemx\thirdparties\pdsc\STMicroelectronics.X-CUBE-IPS.3.2.0.pdsc: PDSC version is not supported
2026-01-17 16:07:59,731 [WARN] PackLoader:240 - Cannot read IP mode file for STMicroelectronics.X-CUBE-NFC12.1.0.0
2026-01-17 16:07:59,755 [WARN] PackLoader:240 - Cannot read IP mode file for STMicroelectronics.X-CUBE-AZRTOS-L5.2.0.0
2026-01-17 16:07:59,770 [WARN] PackLoader:240 - Cannot read IP mode file for STMicroelectronics.X-CUBE-NFC6.3.1.0
2026-01-17 16:07:59,785 [WARN] PackLoader:240 - Cannot read IP mode file for STMicroelectronics.X-CUBE-DPower.1.2.0
2026-01-17 16:07:59,798 [WARN] PackLoader:240 - Cannot read IP mode file for STMicroelectronics.X-CUBE-FREERTOS.1.3.1
2026-01-17 16:07:59,809 [WARN] PackLoader:240 - Cannot read IP mode file for STMicroelectronics.X-CUBE-FREERTOS.1.3.0
2026-01-17 16:07:59,823 [WARN] PackLoader:240 - Cannot read IP mode file for STMicroelectronics.X-CUBE-NFC7.1.0.1
2026-01-17 16:07:59,840 [WARN] PackLoader:240 - Cannot read IP mode file for STMicroelectronics.X-CUBE-TOUCHGFX.4.26.0
2026-01-17 16:07:59,854 [WARN] PackLoader:240 - Cannot read IP mode file for STMicroelectronics.FP-SNS-STAIOTCFT.1.0.0
2026-01-17 16:07:59,866 [WARN] PackLoader:240 - Cannot read IP mode file for STMicroelectronics.X-CUBE-DPower.1.3.0
2026-01-17 16:07:59,890 [WARN] ConditionMgr:438 - getConditionDescription Invalid condition id : LAN8742 Phy interface Condition cause : null
2026-01-17 16:07:59,890 [WARN] PackLoader:240 - Cannot read IP mode file for STMicroelectronics.X-CUBE-AZRTOS-L4.2.0.0
2026-01-17 16:07:59,891 [WARN] ConditionMgr:1044 - genDependencies : Invalid condition id : LAN8742 Phy interface Condition cause : null
2026-01-17 16:07:59,892 [WARN] ConditionMgr:1044 - genDependencies : Invalid condition id : LAN8742 Phy interface Condition cause : null
2026-01-17 16:07:59,892 [WARN] ConditionMgr:1044 - genDependencies : Invalid condition id : LAN8742 Phy interface Condition cause : null
2026-01-17 16:07:59,907 [WARN] PackLoader:240 - Cannot read IP mode file for STMicroelectronics.X-CUBE-SFXS2LP1.4.0.0
2026-01-17 16:07:59,944 [WARN] PackLoader:240 - Cannot read IP mode file for STMicroelectronics.X-CUBE-AZRTOS-H7.3.3.0
2026-01-17 16:07:59,982 [WARN] PackLoader:240 - Cannot read IP mode file for STMicroelectronics.X-CUBE-BLEMGR.4.1.0
2026-01-17 16:08:00,003 [WARN] PackLoader:240 - Cannot read IP mode file for STMicroelectronics.X-CUBE-IPS.3.0.0
2026-01-17 16:08:00,025 [WARN] ConditionMgr:438 - getConditionDescription Invalid condition id : UX DEVICE CLASS RTOS Condition cause : null
2026-01-17 16:08:00,025 [WARN] ConditionMgr:438 - getConditionDescription Invalid condition id : UX DEVICE CLASS RTOS Condition cause : null
2026-01-17 16:08:00,026 [WARN] PackLoader:240 - Cannot read IP mode file for STMicroelectronics.X-CUBE-AZRTOS-WB.2.0.0
2026-01-17 16:08:00,026 [WARN] ConditionMgr:1044 - genDependencies : Invalid condition id : UX DEVICE CLASS RTOS Condition cause : null
2026-01-17 16:08:00,026 [WARN] ConditionMgr:1044 - genDependencies : Invalid condition id : UX DEVICE CLASS RTOS Condition cause : null
2026-01-17 16:08:00,026 [WARN] ConditionMgr:1044 - genDependencies : Invalid condition id : UX DEVICE CLASS RTOS Condition cause : null
2026-01-17 16:08:00,026 [WARN] ConditionMgr:1044 - genDependencies : Invalid condition id : UX DEVICE CLASS RTOS Condition cause : null
2026-01-17 16:08:00,026 [WARN] ConditionMgr:1044 - genDependencies : Invalid condition id : UX DEVICE CLASS RTOS Condition cause : null
2026-01-17 16:08:00,040 [WARN] PackLoader:240 - Cannot read IP mode file for STMicroelectronics.X-CUBE-GNSS1.7.0.1
2026-01-17 16:08:00,052 [WARN] PackLoader:240 - Cannot read IP mode file for STMicroelectronics.X-CUBE-TOUCHGFX.4.25.0
2026-01-17 16:08:00,065 [WARN] PackLoader:240 - Cannot read IP mode file for STMicroelectronics.FP-SNS-STBOX1.2.0.0
2026-01-17 16:08:00,082 [WARN] PackLoader:240 - Cannot read IP mode file for STMicroelectronics.X-CUBE-SUBG2.5.0.0
2026-01-17 16:08:00,108 [WARN] PackLoader:240 - Cannot read IP mode file for STMicroelectronics.X-CUBE-AZRTOS-H7RS.1.1.0
2026-01-17 16:08:00,122 [WARN] PackLoader:240 - Cannot read IP mode file for Cesanta.I-CUBE-Mongoose.7.13.0
2026-01-17 16:08:00,144 [WARN] PackLoader:240 - Cannot read IP mode file for STMicroelectronics.X-CUBE-AZRTOS-G4.2.0.0
2026-01-17 16:08:00,157 [WARN] PackLoader:240 - Cannot read IP mode file for STMicroelectronics.X-CUBE-NFC7.2.0.0
2026-01-17 16:08:00,174 [WARN] PackLoader:240 - Cannot read IP mode file for STMicroelectronics.X-CUBE-IPS.3.1.0
2026-01-17 16:08:00,188 [WARN] PackLoader:240 - Cannot read IP mode file for STMicroelectronics.X-CUBE-ALS.1.0.2
2026-01-17 16:08:00,201 [WARN] PackLoader:240 - Cannot read IP mode file for STMicroelectronics.X-CUBE-TOUCHGFX.4.24.2
2026-01-17 16:08:00,215 [WARN] PackLoader:240 - Cannot read IP mode file for STMicroelectronics.X-CUBE-STSE01.1.0.0
2026-01-17 16:08:00,228 [WARN] PackLoader:240 - Cannot read IP mode file for wolfSSL.I-CUBE-wolfTPM.3.4.0
2026-01-17 16:08:00,242 [WARN] PackLoader:240 - Cannot read IP mode file for portGmbH.I-Cube-SoM-uGOAL.1.1.0
2026-01-17 16:08:00,263 [WARN] PackLoader:240 - Cannot read IP mode file for STMicroelectronics.X-CUBE-AZRTOS-H7RS.1.0.0
2026-01-17 16:08:00,281 [WARN] PackLoader:240 - Cannot read IP mode file for STMicroelectronics.X-CUBE-TOF1.3.4.2
2026-01-17 16:08:00,302 [WARN] PackLoader:240 - Cannot read IP mode file for STMicroelectronics.X-CUBE-TOF1.3.4.3
2026-01-17 16:08:00,319 [WARN] PackLoader:240 - Cannot read IP mode file for wolfSSL.I-CUBE-wolfSSH.1.4.17
2026-01-17 16:08:00,319 [INFO] ThirdParty:978 - Integrity check success = true
2026-01-17 16:08:00,319 [INFO] IntegrityCheckThread:100 - exiting critical section [integrity check]
2026-01-17 16:08:00,319 [INFO] IntegrityCheckThread:103 - End integrity checks thread
2026-01-17 16:08:00,526 [INFO] WebApp:449 - Apply proxy settings
2026-01-17 16:08:00,526 [INFO] WebApp:534 - Chromium requires no authentication
2026-01-17 16:08:00,549 [INFO] WebApp:477 - Direct internet connection detected
2026-01-17 16:08:00,576 [INFO] WebApp:880 - Register for checkConnection events
2026-01-17 16:08:00,576 [INFO] WebApp:449 - Apply proxy settings
2026-01-17 16:08:00,577 [INFO] WebApp:534 - Chromium requires no authentication
2026-01-17 16:08:00,577 [INFO] WebApp:477 - Direct internet connection detected
2026-01-17 16:08:00,744 [INFO] WebApp:221 - Starting web application
2026-01-17 16:08:00,744 [INFO] WebApp:579 - Web application path used C:\ST\STM32CubeIDE_1.17.0\STM32CubeIDE\plugins\com.st.stm32cube.common.mx_6.13.0.202411220809\db\plugins\mcufinder\reactClient1\index.html
2026-01-17 16:08:00,846 [INFO] UserAuth:486 - Internet connection configuration mode: 1
2026-01-17 16:08:01,168 [INFO] WebApp:187 - Connection restablished
